Microchip MPLAB XC8 Compiler V3.10

Linker command line:

-W-3 \
  --edf=C:\Program Files\Microchip\xc8\v3.10\pic\dat\20250813170317_en.msgs \
  -pivt0x8=08h -cn -h+dist/default/production\BL.X.production.sym \
  --cmf=dist/default/production\BL.X.production.cmf -z -Q18F47Q43 \
  -oC:\Users\user\AppData\Local\Temp\xcAsok0.0\driver_tmp_3.o \
  --defsym=__MPLAB_BUILD=1 --fixupoverflow=error \
  -Mdist/default/production/BL.X.production.map \
  --md=C:\Users\user\AppData\Local\Temp\xcAsok0.0\driver_tmp_0.dat -E1 \
  -ver=XC8 Compiler -ACODE=00h-02FFFh -ACONST=00h-02FFFh \
  -ASMALLCONST=02600h-026FFhx10 -AMEDIUMCONST=02600h-02FFFh \
  -ACOMRAM=0501h-055Fh -AABS1=0500h-024FFh -ABIGRAM=0501h-024FFh \
  -ARAM=0560h-05FFh,0600h-06FFhx31 -ABANK5=0560h-05FFh -ABANK6=0600h-06FFh \
  -ABANK7=0700h-07FFh -ABANK8=0800h-08FFh -ABANK9=0900h-09FFh \
  -ABANK10=0A00h-0AFFh -ABANK11=0B00h-0BFFh -ABANK12=0C00h-0CFFh \
  -ABANK13=0D00h-0DFFh -ABANK14=0E00h-0EFFh -ABANK15=0F00h-0FFFh \
  -ABANK16=01000h-010FFh -ABANK17=01100h-011FFh -ABANK18=01200h-012FFh \
  -ABANK19=01300h-013FFh -ABANK20=01400h-014FFh -ABANK21=01500h-015FFh \
  -ABANK22=01600h-016FFh -ABANK23=01700h-017FFh -ABANK24=01800h-018FFh \
  -ABANK25=01900h-019FFh -ABANK26=01A00h-01AFFh -ABANK27=01B00h-01BFFh \
  -ABANK28=01C00h-01CFFh -ABANK29=01D00h-01DFFh -ABANK30=01E00h-01EFFh \
  -ABANK31=01F00h-01FFFh -ABANK32=02000h-020FFh -ABANK33=02100h-021FFh \
  -ABANK34=02200h-022FFh -ABANK35=02300h-023FFh -ABANK36=02400h-024FFh \
  -ASFR=00h-0FFhx4,0400h-045Fh,0460h-04FFh,02500h-025FFh \
  -ABIGSFR=00h-04FFh,02500h-025FFh -ACONFIG=0300000h-0300011h \
  -AIDLOC=0200000h-020003Fh -AEEDATA=0380000h-03803FFh -peeprom_data=EEDATA \
  -preset_vec=00h -ppowerup=CODE,init -pramtop=02600h \
  -psmallconst=SMALLCONST -pmediumconst=MEDIUMCONST -pconst=CONST \
  -AFARRAM=00h-00h \
  -prdata=COMRAM,nvrram=COMRAM,nvbit=COMRAM,rbss=COMRAM,rbit=COMRAM \
  -pfarbss=FARRAM,fardata=FARRAM,nvFARRAM=FARRAM \
  -pintsave_regs=BIGRAM,bigbss=BIGRAM,bigdata=BIGRAM -pbss=RAM \
  -pidata=CODE,irdata=CODE,ibigdata=CODE,ifardata=CODE -pchecksum=07FFCh \
  -prparam=COMRAM C:\Users\user\AppData\Local\Temp\xcAsok0.0\driver_tmp_9.o \
  dist/default/production\BL.X.production.o 

Object code version is 3.11

Machine type is 18F47Q43



                Name                               Link     Load   Length Selector   Space Scale
C:\Users\user\AppData\Local\Temp\xcAsok0.0\driver_tmp_9.o
                config                           300000   300000        A        0       4
                init                                102      102        4        4       0
                reset_vec                             0        0        4        0       0
dist/default/production\BL.X.production.o
                config                           300000   300000        A        0       4
                smallconst                         2600     2600       32     1300       0
                ivt0x8                                8        8       FA        4       0
                text75                             1A72     1A72        2      649       0
                text74                             1816     1816       2E        4       0
                text73                             1954     1954       18      649       0
                text72                             1A70     1A70        2      649       0
                text71                             17E8     17E8       2E        4       0
                text70                             193C     193C       18      649       0
                text69                             1A6E     1A6E        2      649       0
                text68                             17BA     17BA       2E        4       0
                text67                             1924     1924       18      649       0
                text66                             1A6C     1A6C        2      649       0
                text65                             1A30     1A30        A      649       0
                text64                             10B6     10B6       8C        4       0
                text63                              A00      A00      126        4       0
                text62                             2632     2632      2C8     1319       0
                text61                             1A60     1A60        6      649       0
                text60                             19EA     19EA       10      649       0
                text59                              C28      C28       E8        4       0
                text58                             1A6A     1A6A        2      649       0
                text57                             1A68     1A68        2      649       0
                text56                             1A66     1A66        2      649       0
                text55                              DDC      DDC       CC        4       0
                text54                             1998     1998       16      649       0
                text53                             1A5A     1A5A        6      649       0
                text52                             2B80     2B80      276     1319       0
                text51                             1844     1844       2C        4       0
                text50                             15AC     15AC       5E        4       0
                text49                             1982     1982       16      649       0
                text48                             1A54     1A54        6      649       0
                text47                             1894     1894       1E        4       0
                text46                             1A4E     1A4E        6      649       0
                text45                             1A26     1A26        A      649       0
                text44                              752      752      158        4       0
                text43                             19D6     19D6       14      649       0
                text42                             13BA     13BA       6A        4       0
                text41                             1A3A     1A3A        8      649       0
                text40                              D10      D10       CC        4       0
                text39                             1662     1662       50        4       0
                text38                             28FA     28FA      286     1319       0
                text37                             1906     1906       1C        4       0
                text36                             2FDE     2FDE       22     1319       0
                text35                             100E     100E       A8        4       0
                text34                             11CA     11CA       88        4       0
                text33                              8AA      8AA      156        4       0
                text32                              5EC      5EC      166        4       0
                text31                              B26      B26      102        4       0
                text30                             2DF6     2DF6      1E8     1319       0
                text29                             172C     172C       32        4       0
                text28                             1A48     1A48        6      649       0
                text27                             148A     148A       66        4       0
                text26                              47E      47E      16E        4       0
                text25                             154E     154E       5E        4       0
                text24                              2CE      2CE      1B0        4       0
                text23                             16B2     16B2       40        4       0
                text22                             1870     1870       24        4       0
                text21                              F66      F66       A8        4       0
                text20                              106      106      1C8        4       0
                text19                              EA8      EA8       BE        4       0
                text18                             18EA     18EA       1C        4       0
                text17                             18CE     18CE       1C        4       0
                text16                             18B2     18B2       1C        4       0
                text15                             14F0     14F0       5E        4       0
                text14                             178C     178C       2E        4       0
                text13                             16F2     16F2       3A        4       0
                text12                             175E     175E       2E        4       0
                text11                             160A     160A       58        4       0
                text10                             12D6     12D6       78        4       0
                text9                              134E     134E       6C        4       0
                text8                              19C2     19C2       14      649       0
                text7                              1A1C     1A1C        A      649       0
                text6                              1A12     1A12        A      649       0
                text5                              1A08     1A08        A      649       0
                text4                              1424     1424       66        4       0
                text3                              1A42     1A42        6      649       0
                text2                              1142     1142       88        4       0
                text1                              196C     196C       16      649       0
                text0                              19AE     19AE       14      649       0
                cstackCOMRAM                        501      501       57      501       1
                cstackBANK5                         5BE      5BE       1E      560       1
                bssBIGRAM                           800      800      114      800       1
                bssBANK7                            700      700      100      700       1
                bssBANK6                            600      600       19      600       1
                dataBANK5                           5DC      5DC        E      560       1
                bssBANK5                            560      560       5E      560       1
                bssCOMRAM                           558      558        8      501       1
                cinit                              1252     1252       84        4       0
                idataBANK5                         19FA     19FA        E      649       0

TOTAL           Name                               Link     Load   Length     Space
        CLASS   CODE           
                init                                102      102        4         0
                reset_vec                             0        0        4         0
                ivt0x8                                8        8       FA         0
                text75                             1A72     1A72        2         0
                text74                             1816     1816       2E         0
                text73                             1954     1954       18         0
                text72                             1A70     1A70        2         0
                text71                             17E8     17E8       2E         0
                text70                             193C     193C       18         0
                text69                             1A6E     1A6E        2         0
                text68                             17BA     17BA       2E         0
                text67                             1924     1924       18         0
                text66                             1A6C     1A6C        2         0
                text65                             1A30     1A30        A         0
                text64                             10B6     10B6       8C         0
                text63                              A00      A00      126         0
                text62                             2632     2632      2C8         0
                text61                             1A60     1A60        6         0
                text60                             19EA     19EA       10         0
                text59                              C28      C28       E8         0
                text58                             1A6A     1A6A        2         0
                text57                             1A68     1A68        2         0
                text56                             1A66     1A66        2         0
                text55                              DDC      DDC       CC         0
                text54                             1998     1998       16         0
                text53                             1A5A     1A5A        6         0
                text52                             2B80     2B80      276         0
                text51                             1844     1844       2C         0
                text50                             15AC     15AC       5E         0
                text49                             1982     1982       16         0
                text48                             1A54     1A54        6         0
                text47                             1894     1894       1E         0
                text46                             1A4E     1A4E        6         0
                text45                             1A26     1A26        A         0
                text44                              752      752      158         0
                text43                             19D6     19D6       14         0
                text42                             13BA     13BA       6A         0
                text41                             1A3A     1A3A        8         0
                text40                              D10      D10       CC         0
                text39                             1662     1662       50         0
                text38                             28FA     28FA      286         0
                text37                             1906     1906       1C         0
                text36                             2FDE     2FDE       22         0
                text35                             100E     100E       A8         0
                text34                             11CA     11CA       88         0
                text33                              8AA      8AA      156         0
                text32                              5EC      5EC      166         0
                text31                              B26      B26      102         0
                text30                             2DF6     2DF6      1E8         0
                text29                             172C     172C       32         0
                text28                             1A48     1A48        6         0
                text27                             148A     148A       66         0
                text26                              47E      47E      16E         0
                text25                             154E     154E       5E         0
                text24                              2CE      2CE      1B0         0
                text23                             16B2     16B2       40         0
                text22                             1870     1870       24         0
                text21                              F66      F66       A8         0
                text20                              106      106      1C8         0
                text19                              EA8      EA8       BE         0
                text18                             18EA     18EA       1C         0
                text17                             18CE     18CE       1C         0
                text16                             18B2     18B2       1C         0
                text15                             14F0     14F0       5E         0
                text14                             178C     178C       2E         0
                text13                             16F2     16F2       3A         0
                text12                             175E     175E       2E         0
                text11                             160A     160A       58         0
                text10                             12D6     12D6       78         0
                text9                              134E     134E       6C         0
                text8                              19C2     19C2       14         0
                text7                              1A1C     1A1C        A         0
                text6                              1A12     1A12        A         0
                text5                              1A08     1A08        A         0
                text4                              1424     1424       66         0
                text3                              1A42     1A42        6         0
                text2                              1142     1142       88         0
                text1                              196C     196C       16         0
                text0                              19AE     19AE       14         0
                cinit                              1252     1252       84         0
                idataBANK5                         19FA     19FA        E         0

        CLASS   CONST          

        CLASS   SMALLCONST     
                smallconst                         2600     2600       32         0

        CLASS   MEDIUMCONST    

        CLASS   COMRAM         
                cstackCOMRAM                        501      501       57         1
                bssCOMRAM                           558      558        8         1

        CLASS   ABS1           

        CLASS   BIGRAM         
                bssBIGRAM                           800      800      114         1

        CLASS   RAM            

        CLASS   BANK5          
                cstackBANK5                         5BE      5BE       1E         1
                dataBANK5                           5DC      5DC        E         1
                bssBANK5                            560      560       5E         1

        CLASS   BANK6          
                bssBANK6                            600      600       19         1

        CLASS   BANK7          
                bssBANK7                            700      700      100         1

        CLASS   BANK8          

        CLASS   BANK9          

        CLASS   BANK10         

        CLASS   BANK11         

        CLASS   BANK12         

        CLASS   BANK13         

        CLASS   BANK14         

        CLASS   BANK15         

        CLASS   BANK16         

        CLASS   BANK17         

        CLASS   BANK18         

        CLASS   BANK19         

        CLASS   BANK20         

        CLASS   BANK21         

        CLASS   BANK22         

        CLASS   BANK23         

        CLASS   BANK24         

        CLASS   BANK25         

        CLASS   BANK26         

        CLASS   BANK27         

        CLASS   BANK28         

        CLASS   BANK29         

        CLASS   BANK30         

        CLASS   BANK31         

        CLASS   BANK32         

        CLASS   BANK33         

        CLASS   BANK34         

        CLASS   BANK35         

        CLASS   BANK36         

        CLASS   SFR            

        CLASS   BIGSFR         

        CLASS   CONFIG         
                config                           300000   300000        A         4

        CLASS   IDLOC          

        CLASS   EEDATA         

        CLASS   FARRAM         

        CLASS   HEAP           

        CLASS   STACK          



SEGMENTS        Name                           Load    Length   Top    Selector   Space  Class

                reset_vec                      000000  000004  000004         0       0  CODE    
                ivt0x8                         000008  00191A  001922         4       0  CODE    
                cstackCOMRAM                   000501  00005F  000560       501       1  COMRAM  
                bssBANK5                       000560  00008A  0005EA       560       1  BANK5   
                bssBANK6                       000600  000019  000619       600       1  BANK6   
                bssBANK7                       000700  000100  000800       700       1  BANK7   
                bssBIGRAM                      000800  000114  000914       800       1  BIGRAM  
                text67                         001924  000150  001A74       649       0  CODE    
                smallconst                     002600  000032  002632      1300       0  SMALLCON
                text62                         002632  0009CE  003000      1319       0  CODE    


UNUSED ADDRESS RANGES

        Name                Unused          Largest block    Delta
        BANK10           000A00-000AFF              100
        BANK11           000B00-000BFF              100
        BANK12           000C00-000CFF              100
        BANK13           000D00-000DFF              100
        BANK14           000E00-000EFF              100
        BANK15           000F00-000FFF              100
        BANK16           001000-0010FF              100
        BANK17           001100-0011FF              100
        BANK18           001200-0012FF              100
        BANK19           001300-0013FF              100
        BANK20           001400-0014FF              100
        BANK21           001500-0015FF              100
        BANK22           001600-0016FF              100
        BANK23           001700-0017FF              100
        BANK24           001800-0018FF              100
        BANK25           001900-0019FF              100
        BANK26           001A00-001AFF              100
        BANK27           001B00-001BFF              100
        BANK28           001C00-001CFF              100
        BANK29           001D00-001DFF              100
        BANK30           001E00-001EFF              100
        BANK31           001F00-001FFF              100
        BANK32           002000-0020FF              100
        BANK33           002100-0021FF              100
        BANK34           002200-0022FF              100
        BANK35           002300-0023FF              100
        BANK36           002400-0024FF              100
        BANK5            0005EA-0005FF               16
        BANK6            000619-0006FF               E7
        BANK9            000914-0009FF               EC
        BIGRAM           0005EA-0005FF               16
                         000619-0006FF               E7
                         000914-0024FF             1BEC
        BIGSFR           000000-0004FF              500
                         002500-0025FF              100
        CODE             000004-000007                4
                         001922-001923                2
                         001A74-0025FF              B8C
        CONFIG           30000A-300011                8
        CONST            000004-000007                4
                         001922-001923                2
                         001A74-0025FF              B8C
        EEDATA           380000-3803FF              400
        IDLOC            200000-20003F               40
        RAM              0005EA-0005FF               16
                         000619-0006FF               E7
                         000914-0024FF              100
        SFR              000000-0004FF              100
                         002500-0025FF              100

                                  Symbol Table

?_DeviceID_Read                                      cstackCOMRAM 000507
?_FLASH_PageAddressGet                               cstackCOMRAM 000507
?_FLASH_PageOffsetGet                                cstackCOMRAM 000507
?_UART1_ErrorGet                                     cstackCOMRAM 000507
?_memset                                             cstackCOMRAM 000507
AbortCodeGet@abortCode                               cstackCOMRAM 00050A
AbortCodeGet@targetStatus                            cstackCOMRAM 000509
BL_BootCommandProcess@blockHeader                    cstackBANK5  0005BF
BL_BootCommandProcess@bootCommandStatus              cstackBANK5  0005C2
BL_BootCommandProcess@bootDataPtr                    cstackCOMRAM 00054A
BL_BootCommandProcess@bufferLength                   cstackCOMRAM 00054C
BL_BootCommandProcess@commandHeader                  cstackBANK5  0005C3
BL_BootCommandProcess@memoryStatus                   cstackBANK5  0005BE
BL_Example@result                                    cstackCOMRAM 000557
BL_ExampleInitialize@initStatus                      cstackCOMRAM 000553
BL_ExampleInitialize@isForcedEntry                   cstackCOMRAM 000554
BL_ExampleInitialize@isImageVerified                 cstackCOMRAM 000555
BL_FlashRead@address                                 cstackCOMRAM 00051A
BL_FlashRead@buffer                                  cstackCOMRAM 00051D
BL_FlashRead@currentAddress                          cstackCOMRAM 00052D
BL_FlashRead@index                                   cstackCOMRAM 00052A
BL_FlashRead@length                                  cstackCOMRAM 00051F
BL_FlashRead@result                                  cstackCOMRAM 00052C
BL_FlashWrite@address                                cstackCOMRAM 000530
BL_FlashWrite@buffer                                 cstackCOMRAM 000533
BL_FlashWrite@length                                 cstackCOMRAM 000535
BL_FlashWrite@loadedCount                            cstackCOMRAM 000547
BL_FlashWrite@offsetByteCount                        cstackCOMRAM 000545
BL_FlashWrite@pageStartAddress                       cstackCOMRAM 000542
BL_FlashWrite@postReadByteCount                      cstackCOMRAM 000540
BL_FlashWrite@result                                 cstackCOMRAM 000549
BL_ImageVerify@result                                cstackCOMRAM 000552
BL_MemoryUnlockKeysInit@keys                         cstackCOMRAM 000507
BootloaderProcessorUnlock@bufferPtr                  cstackCOMRAM 00051C
BootloaderProcessorUnlock@commandStatus              cstackCOMRAM 000520
BootloaderProcessorUnlock@deviceId                   cstackCOMRAM 00051E
BootloaderProcessorUnlock@metadataPacket             cstackCOMRAM 000521
COM_FrameSet@checksum                                cstackCOMRAM 000513
COM_FrameSet@i                                       cstackCOMRAM 000512
COM_FrameSet@i_240                                   cstackCOMRAM 000510
COM_FrameSet@sendCount                               cstackCOMRAM 00050C
COM_FrameSet@sourceBuffer                            cstackCOMRAM 00050A
COM_FrameSet@xbeeDataLen                             cstackCOMRAM 00050E
COM_FrameTransfer@byte                               cstackCOMRAM 00050F
COM_FrameTransfer@bytesRead                          bssCOMRAM    000558
COM_FrameTransfer@checksum                           bssCOMRAM    00055D
COM_FrameTransfer@destBuffer                         cstackCOMRAM 000509
COM_FrameTransfer@discardFrame                       bssCOMRAM    00055C
COM_FrameTransfer@payloadIndex                       bssBANK5     000598
COM_FrameTransfer@receiveCount                       cstackCOMRAM 00050B
COM_FrameTransfer@state                              bssCOMRAM    00055E
COM_FrameTransfer@xbeeLen                            bssBANK5     00059A
COM_Initialize@maximumBufferLength                   cstackCOMRAM 000509
COM_Initialize@result                                cstackCOMRAM 00050B
CRC16_Calculate@bit                                  cstackCOMRAM 00052F
CRC16_Calculate@byteIndex                            cstackCOMRAM 00052B
CRC16_Calculate@crcSeed                              cstackCOMRAM 000521
CRC16_Calculate@length                               cstackCOMRAM 00051D
CRC16_Calculate@readByte                             cstackCOMRAM 00052A
CRC16_Calculate@startAddress                         cstackCOMRAM 00051A
CRC16_Calculate@startOfPageAddress                   cstackCOMRAM 000527
CRC16_Validate@byte0                                 cstackCOMRAM 000548
CRC16_Validate@byte1                                 cstackCOMRAM 00054A
CRC16_Validate@crc                                   cstackCOMRAM 000550
CRC16_Validate@crcAddress                            cstackCOMRAM 000537
CRC16_Validate@length                                cstackCOMRAM 000533
CRC16_Validate@refAddrInsideEvaluatedArea            cstackCOMRAM 00054C
CRC16_Validate@refAddrOutsideFlash                   cstackCOMRAM 00054D
CRC16_Validate@refCRC                                cstackCOMRAM 000546
CRC16_Validate@result                                cstackCOMRAM 00054F
CRC16_Validate@startAddress                          cstackCOMRAM 000530
CRC32_BOOT_Validate@byte0                            cstackBANK5  0005BE
CRC32_BOOT_Validate@byte1                            cstackBANK5  0005C2
CRC32_BOOT_Validate@byte2                            cstackBANK5  0005C6
CRC32_BOOT_Validate@byte3                            cstackBANK5  0005CA
CRC32_BOOT_Validate@crc                              cstackBANK5  0005D6
CRC32_BOOT_Validate@length                           cstackCOMRAM 000534
CRC32_BOOT_Validate@refAddrInsideEvaluatedArea       cstackBANK5  0005D2
CRC32_BOOT_Validate@refAddrOutsideFlash              cstackBANK5  0005D3
CRC32_BOOT_Validate@refAddress                       cstackCOMRAM 000538
CRC32_BOOT_Validate@refCRC                           cstackBANK5  0005CE
CRC32_BOOT_Validate@result                           cstackBANK5  0005D5
CRC32_BOOT_Validate@startAddress                     cstackCOMRAM 000531
CRC32_Calculate@bit                                  cstackCOMRAM 000530
CRC32_Calculate@byteIndex                            cstackCOMRAM 00052C
CRC32_Calculate@crcSeed                              cstackCOMRAM 000521
CRC32_Calculate@length                               cstackCOMRAM 00051D
CRC32_Calculate@readByte                             cstackCOMRAM 00052B
CRC32_Calculate@startAddress                         cstackCOMRAM 00051A
ClientInfoResponseSet@F17529                         dataBANK5    0005E7
ClientInfoResponseSet@F17535                         dataBANK5    0005E4
ClientInfoResponseSet@F17541                         dataBANK5    0005E1
ClientInfoResponseSet@F17543                         bssBANK5     00057C
ClientInfoResponseSet@F17545                         bssBANK5     000578
ClientInfoResponseSet@F17547                         bssBANK5     000574
ClientInfoResponseSet@F17549                         bssBANK5     000570
ClientInfoResponseSet@discoveryData                  cstackCOMRAM 00051D
ClientInfoResponseSet@fileDataOffset                 cstackCOMRAM 000526
ClientInfoResponseSet@ftpMinInterMessageDelayTLVData cstackCOMRAM 000534
ClientInfoResponseSet@ftpTimeoutTLVData              cstackCOMRAM 000530
ClientInfoResponseSet@ftpTransferParametersTLVData   cstackCOMRAM 00052C
ClientInfoResponseSet@ftpVersionData                 cstackCOMRAM 000520
ClientInfoResponseSet@ftpVersionTLVData              cstackCOMRAM 000528
ClientInfoResponseSet@generalCommandTimeoutData      cstackCOMRAM 000523
ClientInfoResponseSet@minimumInterMessageDelayData   cstackCOMRAM 000519
DeviceID_Read@address                                cstackCOMRAM 000507
DeviceID_Read@deivceID                               cstackCOMRAM 000516
DeviceID_Read@tablePointer                           cstackCOMRAM 000518
DownloadAreaErase@address                            cstackCOMRAM 000518
DownloadAreaErase@errorStatus                        cstackCOMRAM 000517
DownloadAreaErase@pageEraseUnlockKey                 cstackCOMRAM 000513
DownloadAreaErase@startAddress                       cstackCOMRAM 00050F
DownloadAreaErase@unlockKey                          cstackCOMRAM 000515
EEPROM_Read@address                                  cstackCOMRAM 000507
EEPROM_Write@address                                 cstackCOMRAM 000507
EEPROM_Write@data                                    cstackCOMRAM 00050A
EEPROM_Write@globalInterruptBitValue                 cstackCOMRAM 00050E
FLASH_PageAddressGet@address                         cstackCOMRAM 000507
FLASH_PageErase@address                              cstackCOMRAM 000507
FLASH_PageErase@globalInterruptBitValue              cstackCOMRAM 00050D
FLASH_PageErase@pageEraseStatus                      cstackCOMRAM 00050E
FLASH_PageOffsetGet@address                          cstackCOMRAM 000507
FLASH_Read@address                                   cstackCOMRAM 000507
FLASH_Read@tablePointer                              cstackCOMRAM 000516
FLASH_RowWrite@address                               cstackCOMRAM 000507
FLASH_RowWrite@bufferRamPtr                          cstackCOMRAM 000513
FLASH_RowWrite@dataBuffer                            cstackCOMRAM 00050A
FLASH_RowWrite@flashDataCount                        cstackCOMRAM 00050F
FLASH_RowWrite@globalInterruptBitValue               cstackCOMRAM 000511
FLASH_RowWrite@rowWriteStatus                        cstackCOMRAM 000512
FTP_Initialize@comInitStatus                         cstackCOMRAM 00050E
FTP_Task@comResult                                   cstackBANK5  0005D1
FTP_Task@processResult                               cstackBANK5  0005CF
FTP_Task@transportStatusResult                       cstackBANK5  0005D0
ForcedEntryCheck@flag                                cstackCOMRAM 000510
ForcedEntryCheck@i                                   cstackCOMRAM 000511
ForcedEntryCheck@result                              cstackCOMRAM 00050F
INT0_SetInterruptHandler@InterruptHandler            cstackCOMRAM 000507
INT1_SetInterruptHandler@InterruptHandler            cstackCOMRAM 000507
INT2_SetInterruptHandler@InterruptHandler            cstackCOMRAM 000507
INTERRUPT_Initialize@state                           cstackCOMRAM 000509
IVTBASEH                                             (abs)        00045E
IVTBASEL                                             (abs)        00045D
IVTBASEU                                             (abs)        00045F
NVM_StatusGet@nvmStatus                              cstackCOMRAM 000507
NVM_UnlockKeySet@unlockKey                           cstackCOMRAM 000507
OperationalBlockExecute@abortCode                    cstackCOMRAM 000553
OperationalBlockExecute@abortCode_429                cstackCOMRAM 000554
OperationalBlockExecute@isImageValid                 cstackCOMRAM 000555
OperationalBlockExecute@processResult                cstackCOMRAM 000556
ResponseSet@buffer                                   cstackCOMRAM 000512
ResponseSet@responsePayload                          cstackCOMRAM 000514
ResponseSet@responsePayloadLength                    cstackCOMRAM 000518
ResponseSet@responseStatus                           cstackCOMRAM 000516
ResponseSet@sequenceByte                             cstackCOMRAM 000517
SendAndCheck@checksum                                cstackCOMRAM 000508
SendAndCheck@val                                     cstackCOMRAM 000509
SequenceNumberValidate@isValidSequenceNum            cstackCOMRAM 00051C
SequenceNumberValidate@syncRequested                 cstackCOMRAM 00051A
SequenceNumberValidate@transportStatusResult         cstackCOMRAM 00051B
TLVAppend@dataBufferStart                            cstackCOMRAM 000512
TLVAppend@tlvData                                    cstackCOMRAM 000514
UART1_FramingErrorCallbackRegister@callbackHandler   cstackCOMRAM 000507
UART1_OverrunErrorCallbackRegister@callbackHandler   cstackCOMRAM 000507
UART1_ParityErrorCallbackRegister@callbackHandler    cstackCOMRAM 000507
UART1_Write@txData                                   cstackCOMRAM 000507
_ACTCON                                              (abs)        0000AC
_ANSELA                                              (abs)        000400
_ANSELB                                              (abs)        000408
_ANSELC                                              (abs)        000410
_ANSELD                                              (abs)        000418
_ANSELE                                              (abs)        000420
_AbortCodeGet                                        text50       0015AC
_BL_ApplicationStart                                 text65       001A30
_BL_BootCommandProcess                               text32       0005EC
_BL_Example                                          text19       000EA8
_BL_ExampleInitialize                                text9        00134E
_BL_FlashRead                                        text44       000752
_BL_FlashWrite                                       text38       0028FA
_BL_ImageVerify                                      text29       00172C
_BL_Initialize                                       text28       001A48
_BL_MemoryUnlockKeysClear                            text37       001906
_BL_MemoryUnlockKeysInit                             text36       002FDE
_BSR                                                 (abs)        0004E0
_BootState                                           bssCOMRAM    00055F
_BootloaderProcessorUnlock                           text33       0008AA
_CLOCK_Initialize                                    text8        0019C2
_COM_FrameSet                                        text59       000C28
_COM_FrameTransfer                                   text52       002B80
_COM_Initialize                                      text14       00178C
_CRC16_Calculate                                     text31       000B26
_CRC16_Validate                                      text30       002DF6
_CRC16_Validate$808                                  cstackCOMRAM 00054E
_CRC32_BOOT_Validate                                 text62       002632
_CRC32_BOOT_Validate$769                             cstackBANK5  0005D4
_CRC32_Calculate                                     text63       000A00
_ClientInfoResponseSet                               text26       00047E
_Default_ISR                                         text66       001A6C
_DeviceID_Read                                       text35       00100E
_DeviceResetCheck                                    text51       001844
_DownloadAreaErase                                   text34       0011CA
_EEPROM_Read                                         text12       00175E
_EEPROM_Write                                        text11       00160A
_FLASH_PageAddressGet                                text43       0019D6
_FLASH_PageErase                                     text42       0013BA
_FLASH_PageOffsetGet                                 text41       001A3A
_FLASH_Read                                          text64       0010B6
_FLASH_RowWrite                                      text40       000D10
_FTP_Initialize                                      text13       0016F2
_FTP_Initialize$518                                  cstackCOMRAM 00050C
_FTP_RECEIVE_BUFFER                                  bssBIGRAM    000800
_FTP_RESPONSE_BUFFER                                 bssBANK5     0005A3
_FTP_RETRY_BUFFER                                    bssBANK6     000600
_FTP_Task                                            text20       000106
_ForcedEntryCheck                                    text10       0012D6
_GIE                                                 (abs)        0026B7
_INLVLA                                              (abs)        000404
_INLVLB                                              (abs)        00040C
_INLVLC                                              (abs)        000414
_INLVLD                                              (abs)        00041C
_INLVLE                                              (abs)        000424
_INT0_CallBack                                       text68       0017BA
_INT0_DefaultInterruptHandler                        text69       001A6E
_INT0_ISR                                            text67       001924
_INT0_InterruptHandler                               bssBANK5     00058C
_INT0_SetInterruptHandler                            text7        001A1C
_INT1_CallBack                                       text71       0017E8
_INT1_DefaultInterruptHandler                        text72       001A70
_INT1_ISR                                            text70       00193C
_INT1_InterruptHandler                               bssBANK5     00058A
_INT1_SetInterruptHandler                            text6        001A12
_INT2_CallBack                                       text74       001816
_INT2_DefaultInterruptHandler                        text75       001A72
_INT2_ISR                                            text73       001954
_INT2_InterruptHandler                               bssBANK5     000588
_INT2_SetInterruptHandler                            text5        001A08
_INTCON0bits                                         (abs)        0004D6
_INTERRUPT_Initialize                                text4        001424
_IOCAF                                               (abs)        000407
_IOCAN                                               (abs)        000406
_IOCAP                                               (abs)        000405
_IOCBF                                               (abs)        00040F
_IOCBN                                               (abs)        00040E
_IOCBP                                               (abs)        00040D
_IOCCF                                               (abs)        000417
_IOCCN                                               (abs)        000416
_IOCCP                                               (abs)        000415
_IOCEF                                               (abs)        000427
_IOCEN                                               (abs)        000426
_IOCEP                                               (abs)        000425
_IVTBASEH                                            (abs)        00045E
_IVTBASEL                                            (abs)        00045D
_IVTBASEU                                            (abs)        00045F
_IVTLOCK                                             (abs)        000459
_IVTLOCKbits                                         (abs)        000459
_LATA                                                (abs)        0004BE
_LATB                                                (abs)        0004BF
_LATC                                                (abs)        0004C0
_LATD                                                (abs)        0004C1
_LATDbits                                            (abs)        0004C1
_LATE                                                (abs)        0004C2
_MaxBufferLength                                     bssBANK5     00059C
_NVMADRH                                             (abs)        000044
_NVMADRL                                             (abs)        000043
_NVMADRU                                             (abs)        000045
_NVMCON0bits                                         (abs)        000040
_NVMCON1bits                                         (abs)        000041
_NVMDATH                                             (abs)        000047
_NVMDATL                                             (abs)        000046
_NVMLOCK                                             (abs)        000042
_NVM_Initialize                                      text3        001A42
_NVM_IsBusy                                          text49       001982
_NVM_StatusClear                                     text48       001A54
_NVM_StatusGet                                       text47       001894
_NVM_UnlockKeyClear                                  text46       001A4E
_NVM_UnlockKeySet                                    text45       001A26
_ODCONA                                              (abs)        000402
_ODCONB                                              (abs)        00040A
_ODCONC                                              (abs)        000412
_ODCOND                                              (abs)        00041A
_ODCONE                                              (abs)        000422
_OSCCON1                                             (abs)        0000AD
_OSCCON3                                             (abs)        0000AF
_OSCEN                                               (abs)        0000B3
_OSCFRQ                                              (abs)        0000B1
_OSCTUNE                                             (abs)        0000B0
_OperationalBlockExecute                             text24       0002CE
_PIN_MANAGER_Initialize                              text2        001142
_PIR10bits                                           (abs)        0004B8
_PIR1bits                                            (abs)        0004AF
_PIR6bits                                            (abs)        0004B4
_ParserDataReset                                     text22       001870
_RB1I2C                                              (abs)        000289
_RB2I2C                                              (abs)        000288
_RC3I2C                                              (abs)        000287
_RC4I2C                                              (abs)        000286
_RC6PPS                                              (abs)        000217
_ResponseSet                                         text25       00154E
_SERCOM                                              smallconst   002601
_SLRCONA                                             (abs)        000403
_SLRCONB                                             (abs)        00040B
_SLRCONC                                             (abs)        000413
_SLRCOND                                             (abs)        00041B
_SLRCONE                                             (abs)        000423
_STKPTR                                              (abs)        0004FC
_SYSTEM_Initialize                                   text1        00196C
_SendAndCheck                                        text60       0019EA
_SequenceNumberValidate                              text21       000F66
_TABLAT                                              (abs)        0004F5
_TBLPTRH                                             (abs)        0004F7
_TBLPTRL                                             (abs)        0004F6
_TBLPTRU                                             (abs)        0004F8
_TLVAppend                                           text27       00148A
_TRISA                                               (abs)        0004C6
_TRISB                                               (abs)        0004C7
_TRISC                                               (abs)        0004C8
_TRISD                                               (abs)        0004C9
_TRISE                                               (abs)        0004CA
_U1BRGH                                              (abs)        0002AF
_U1BRGL                                              (abs)        0002AE
_U1CON0                                              (abs)        0002AB
_U1CON0bits                                          (abs)        0002AB
_U1CON1                                              (abs)        0002AC
_U1CON1bits                                          (abs)        0002AC
_U1CON2                                              (abs)        0002AD
_U1ERRIE                                             (abs)        0002B3
_U1ERRIR                                             (abs)        0002B2
_U1ERRIRbits                                         (abs)        0002B2
_U1FIFO                                              (abs)        0002B0
_U1FIFObits                                          (abs)        0002B0
_U1P1H                                               (abs)        0002A6
_U1P1L                                               (abs)        0002A5
_U1P2H                                               (abs)        0002A8
_U1P2L                                               (abs)        0002A7
_U1P3H                                               (abs)        0002AA
_U1P3L                                               (abs)        0002A9
_U1RXB                                               (abs)        0002A1
_U1RXCHK                                             (abs)        0002A2
_U1RXPPS                                             (abs)        000272
_U1TXB                                               (abs)        0002A3
_U1TXCHK                                             (abs)        0002A4
_U1UIR                                               (abs)        0002B1
_U1UIRbits                                           (abs)        0002B1
_UART1_AutoBaudQuery                                 (abs)        000000
_UART1_AutoBaudSet                                   (abs)        000000
_UART1_DefaultFramingErrorCallback                   text58       001A6A
_UART1_DefaultOverrunErrorCallback                   text57       001A68
_UART1_DefaultParityErrorCallback                    text56       001A66
_UART1_Deinitialize                                  (abs)        000000
_UART1_ErrorGet                                      text55       000DDC
_UART1_FramingErrorCallbackRegister                  text18       0018EA
_UART1_FramingErrorHandler                           bssBANK5     000584
_UART1_Initialize                                    text15       0014F0
_UART1_IsRxReady                                     text54       001998
_UART1_IsTxDone                                      (abs)        000000
_UART1_IsTxReady                                     (abs)        000000
_UART1_OverrunErrorCallbackRegister                  text17       0018CE
_UART1_OverrunErrorHandler                           bssBANK5     000582
_UART1_ParityErrorCallbackRegister                   text16       0018B2
_UART1_ParityErrorHandler                            bssBANK5     000580
_UART1_Read                                          text53       001A5A
_UART1_TransmitDisable                               (abs)        000000
_UART1_TransmitEnable                                (abs)        000000
_UART1_Write                                         text61       001A60
_WPUA                                                (abs)        000401
_WPUB                                                (abs)        000409
_WPUC                                                (abs)        000411
_WPUD                                                (abs)        000419
_WPUE                                                (abs)        000421
__HRAM                                               (abs)        000000
__H__absolute__                                      __absolute__ 000000
__Habs1                                              abs1         000000
__Hbank10                                            bank10       000000
__Hbank11                                            bank11       000000
__Hbank12                                            bank12       000000
__Hbank13                                            bank13       000000
__Hbank14                                            bank14       000000
__Hbank15                                            bank15       000000
__Hbank16                                            bank16       000000
__Hbank17                                            bank17       000000
__Hbank18                                            bank18       000000
__Hbank19                                            bank19       000000
__Hbank20                                            bank20       000000
__Hbank21                                            bank21       000000
__Hbank22                                            bank22       000000
__Hbank23                                            bank23       000000
__Hbank24                                            bank24       000000
__Hbank25                                            bank25       000000
__Hbank26                                            bank26       000000
__Hbank27                                            bank27       000000
__Hbank28                                            bank28       000000
__Hbank29                                            bank29       000000
__Hbank30                                            bank30       000000
__Hbank31                                            bank31       000000
__Hbank32                                            bank32       000000
__Hbank33                                            bank33       000000
__Hbank34                                            bank34       000000
__Hbank35                                            bank35       000000
__Hbank36                                            bank36       000000
__Hbank5                                             bank5        000000
__Hbank6                                             bank6        000000
__Hbank7                                             bank7        000000
__Hbank8                                             bank8        000000
__Hbank9                                             bank9        000000
__Hbigbss                                            bigbss       000000
__Hbigdata                                           bigdata      000000
__Hbigram                                            bigram       000000
__Hbigsfr                                            bigsfr       000000
__Hbss                                               bss          000000
__HbssBANK5                                          bssBANK5     000000
__HbssBANK6                                          bssBANK6     000000
__HbssBANK7                                          bssBANK7     000000
__HbssBIGRAM                                         bssBIGRAM    000000
__HbssCOMRAM                                         bssCOMRAM    000000
__Hchecksum                                          checksum     007FFC
__Hcinit                                             cinit        000000
__Hclrtext                                           clrtext      000000
__Hcomram                                            comram       000000
__Hconfig                                            config       30000A
__Hconst                                             const        000000
__HcstackBANK5                                       cstackBANK5  000000
__HcstackCOMRAM                                      cstackCOMRAM 000000
__Hdata                                              data         000000
__HdataBANK5                                         dataBANK5    000000
__Heeprom_data                                       eeprom_data  000000
__Hfarbss                                            farbss       000000
__Hfardata                                           fardata      000000
__Hheap                                              heap         000000
__Hibigdata                                          ibigdata     000000
__Hidata                                             idata        000000
__HidataBANK5                                        idataBANK5   000000
__Hidloc                                             idloc        000000
__Hifardata                                          ifardata     000000
__Hinit                                              init         000106
__Hintsave_regs                                      intsave_regs 000000
__Hirdata                                            irdata       000000
__Hivt0x8                                            ivt0x8       000102
__Hmediumconst                                       mediumconst  000000
__HnvFARRAM                                          nvFARRAM     000000
__Hnvbit                                             nvbit        000000
__Hnvrram                                            nvrram       000000
__Hparam                                             rparam       000000
__Hpowerup                                           powerup      000000
__Hram                                               ram          000000
__Hramtop                                            ramtop       002600
__Hrbit                                              rbit         000000
__Hrbss                                              rbss         000000
__Hrdata                                             rdata        000000
__Hreset_vec                                         reset_vec    000004
__Hrparam                                            rparam       000000
__Hsfr                                               sfr          000000
__Hsmallconst                                        smallconst   002632
__Hspace_0                                           (abs)        007FFC
__Hspace_1                                           (abs)        000914
__Hspace_2                                           (abs)        000000
__Hspace_4                                           (abs)        60000A
__Hstack                                             stack        000000
__Hstruct                                            struct       000000
__Htemp                                              temp         000000
__Htext                                              text         000000
__Htext0                                             text0        000000
__Htext1                                             text1        000000
__Htext10                                            text10       000000
__Htext11                                            text11       000000
__Htext12                                            text12       000000
__Htext13                                            text13       000000
__Htext14                                            text14       000000
__Htext15                                            text15       000000
__Htext16                                            text16       000000
__Htext17                                            text17       000000
__Htext18                                            text18       000000
__Htext19                                            text19       000000
__Htext2                                             text2        000000
__Htext20                                            text20       000000
__Htext21                                            text21       000000
__Htext22                                            text22       000000
__Htext23                                            text23       000000
__Htext24                                            text24       000000
__Htext25                                            text25       000000
__Htext26                                            text26       000000
__Htext27                                            text27       000000
__Htext28                                            text28       000000
__Htext29                                            text29       000000
__Htext3                                             text3        000000
__Htext30                                            text30       000000
__Htext31                                            text31       000000
__Htext32                                            text32       000000
__Htext33                                            text33       000000
__Htext34                                            text34       000000
__Htext35                                            text35       000000
__Htext36                                            text36       000000
__Htext37                                            text37       000000
__Htext38                                            text38       000000
__Htext39                                            text39       000000
__Htext4                                             text4        000000
__Htext40                                            text40       000000
__Htext41                                            text41       000000
__Htext42                                            text42       000000
__Htext43                                            text43       000000
__Htext44                                            text44       000000
__Htext45                                            text45       000000
__Htext46                                            text46       000000
__Htext47                                            text47       000000
__Htext48                                            text48       000000
__Htext49                                            text49       000000
__Htext5                                             text5        000000
__Htext50                                            text50       000000
__Htext51                                            text51       000000
__Htext52                                            text52       000000
__Htext53                                            text53       000000
__Htext54                                            text54       000000
__Htext55                                            text55       000000
__Htext56                                            text56       000000
__Htext57                                            text57       000000
__Htext58                                            text58       000000
__Htext59                                            text59       000000
__Htext6                                             text6        000000
__Htext60                                            text60       000000
__Htext61                                            text61       000000
__Htext62                                            text62       000000
__Htext63                                            text63       000000
__Htext64                                            text64       000000
__Htext65                                            text65       000000
__Htext66                                            text66       000000
__Htext67                                            text67       000000
__Htext68                                            text68       000000
__Htext69                                            text69       000000
__Htext7                                             text7        000000
__Htext70                                            text70       000000
__Htext71                                            text71       000000
__Htext72                                            text72       000000
__Htext73                                            text73       000000
__Htext74                                            text74       000000
__Htext75                                            text75       000000
__Htext8                                             text8        000000
__Htext9                                             text9        000000
__LRAM                                               (abs)        000001
__L__absolute__                                      __absolute__ 000000
__Labs1                                              abs1         000000
__Lbank10                                            bank10       000000
__Lbank11                                            bank11       000000
__Lbank12                                            bank12       000000
__Lbank13                                            bank13       000000
__Lbank14                                            bank14       000000
__Lbank15                                            bank15       000000
__Lbank16                                            bank16       000000
__Lbank17                                            bank17       000000
__Lbank18                                            bank18       000000
__Lbank19                                            bank19       000000
__Lbank20                                            bank20       000000
__Lbank21                                            bank21       000000
__Lbank22                                            bank22       000000
__Lbank23                                            bank23       000000
__Lbank24                                            bank24       000000
__Lbank25                                            bank25       000000
__Lbank26                                            bank26       000000
__Lbank27                                            bank27       000000
__Lbank28                                            bank28       000000
__Lbank29                                            bank29       000000
__Lbank30                                            bank30       000000
__Lbank31                                            bank31       000000
__Lbank32                                            bank32       000000
__Lbank33                                            bank33       000000
__Lbank34                                            bank34       000000
__Lbank35                                            bank35       000000
__Lbank36                                            bank36       000000
__Lbank5                                             bank5        000000
__Lbank6                                             bank6        000000
__Lbank7                                             bank7        000000
__Lbank8                                             bank8        000000
__Lbank9                                             bank9        000000
__Lbigbss                                            bigbss       000000
__Lbigdata                                           bigdata      000000
__Lbigram                                            bigram       000000
__Lbigsfr                                            bigsfr       000000
__Lbss                                               bss          000000
__LbssBANK5                                          bssBANK5     000000
__LbssBANK6                                          bssBANK6     000000
__LbssBANK7                                          bssBANK7     000000
__LbssBIGRAM                                         bssBIGRAM    000000
__LbssCOMRAM                                         bssCOMRAM    000000
__Lchecksum                                          checksum     007FFC
__Lcinit                                             cinit        000000
__Lclrtext                                           clrtext      000000
__Lcomram                                            comram       000000
__Lconfig                                            config       000000
__Lconst                                             const        000000
__LcstackBANK5                                       cstackBANK5  000000
__LcstackCOMRAM                                      cstackCOMRAM 000000
__Ldata                                              data         000000
__LdataBANK5                                         dataBANK5    000000
__Leeprom_data                                       eeprom_data  000000
__Lfarbss                                            farbss       000000
__Lfardata                                           fardata      000000
__Lheap                                              heap         000000
__Libigdata                                          ibigdata     000000
__Lidata                                             idata        000000
__LidataBANK5                                        idataBANK5   000000
__Lidloc                                             idloc        000000
__Lifardata                                          ifardata     000000
__Linit                                              init         000102
__Lintsave_regs                                      intsave_regs 000000
__Lirdata                                            irdata       000000
__Livt0x8                                            ivt0x8       000008
__Lmediumconst                                       mediumconst  000000
__LnvFARRAM                                          nvFARRAM     000000
__Lnvbit                                             nvbit        000000
__Lnvrram                                            nvrram       000000
__Lparam                                             rparam       000000
__Lpowerup                                           powerup      000000
__Lram                                               ram          000000
__Lramtop                                            ramtop       002600
__Lrbit                                              rbit         000000
__Lrbss                                              rbss         000000
__Lrdata                                             rdata        000000
__Lreset_vec                                         reset_vec    000000
__Lrparam                                            rparam       000000
__Lsfr                                               sfr          000000
__Lsmallconst                                        smallconst   002600
__Lspace_0                                           (abs)        000000
__Lspace_1                                           (abs)        000000
__Lspace_2                                           (abs)        000000
__Lspace_4                                           (abs)        000000
__Lstack                                             stack        000000
__Lstruct                                            struct       000000
__Ltemp                                              temp         000000
__Ltext                                              text         000000
__Ltext0                                             text0        000000
__Ltext1                                             text1        000000
__Ltext10                                            text10       000000
__Ltext11                                            text11       000000
__Ltext12                                            text12       000000
__Ltext13                                            text13       000000
__Ltext14                                            text14       000000
__Ltext15                                            text15       000000
__Ltext16                                            text16       000000
__Ltext17                                            text17       000000
__Ltext18                                            text18       000000
__Ltext19                                            text19       000000
__Ltext2                                             text2        000000
__Ltext20                                            text20       000000
__Ltext21                                            text21       000000
__Ltext22                                            text22       000000
__Ltext23                                            text23       000000
__Ltext24                                            text24       000000
__Ltext25                                            text25       000000
__Ltext26                                            text26       000000
__Ltext27                                            text27       000000
__Ltext28                                            text28       000000
__Ltext29                                            text29       000000
__Ltext3                                             text3        000000
__Ltext30                                            text30       000000
__Ltext31                                            text31       000000
__Ltext32                                            text32       000000
__Ltext33                                            text33       000000
__Ltext34                                            text34       000000
__Ltext35                                            text35       000000
__Ltext36                                            text36       000000
__Ltext37                                            text37       000000
__Ltext38                                            text38       000000
__Ltext39                                            text39       000000
__Ltext4                                             text4        000000
__Ltext40                                            text40       000000
__Ltext41                                            text41       000000
__Ltext42                                            text42       000000
__Ltext43                                            text43       000000
__Ltext44                                            text44       000000
__Ltext45                                            text45       000000
__Ltext46                                            text46       000000
__Ltext47                                            text47       000000
__Ltext48                                            text48       000000
__Ltext49                                            text49       000000
__Ltext5                                             text5        000000
__Ltext50                                            text50       000000
__Ltext51                                            text51       000000
__Ltext52                                            text52       000000
__Ltext53                                            text53       000000
__Ltext54                                            text54       000000
__Ltext55                                            text55       000000
__Ltext56                                            text56       000000
__Ltext57                                            text57       000000
__Ltext58                                            text58       000000
__Ltext59                                            text59       000000
__Ltext6                                             text6        000000
__Ltext60                                            text60       000000
__Ltext61                                            text61       000000
__Ltext62                                            text62       000000
__Ltext63                                            text63       000000
__Ltext64                                            text64       000000
__Ltext65                                            text65       000000
__Ltext66                                            text66       000000
__Ltext67                                            text67       000000
__Ltext68                                            text68       000000
__Ltext69                                            text69       000000
__Ltext7                                             text7        000000
__Ltext70                                            text70       000000
__Ltext71                                            text71       000000
__Ltext72                                            text72       000000
__Ltext73                                            text73       000000
__Ltext74                                            text74       000000
__Ltext75                                            text75       000000
__Ltext8                                             text8        000000
__Ltext9                                             text9        000000
__S0                                                 (abs)        003000
__S1                                                 (abs)        000914
__S4                                                 (abs)        000000
__S5                                                 (abs)        000000
___heap_hi                                           (abs)        000000
___heap_lo                                           (abs)        000000
___inthi_sp                                          stack        000000
___inthi_stack_hi                                    stack        000000
___inthi_stack_lo                                    stack        000000
___intlo_sp                                          stack        000000
___intlo_stack_hi                                    stack        000000
___intlo_stack_lo                                    stack        000000
___param_bank                                        (abs)        000000
___rparam_used                                       (abs)        000001
___sp                                                stack        000000
___stack_hi                                          stack        000000
___stack_lo                                          stack        000000
__accesstop                                          (abs)        000560
__activetblptr                                       (abs)        000002
__checksum0                                          checksum     007FFC
__end_of_AbortCodeGet                                text50       00160A
__end_of_BL_ApplicationStart                         text65       001A3A
__end_of_BL_BootCommandProcess                       text32       000752
__end_of_BL_Example                                  text19       000F66
__end_of_BL_ExampleInitialize                        text9        0013BA
__end_of_BL_FlashRead                                text44       0008AA
__end_of_BL_FlashWrite                               text38       002B80
__end_of_BL_ImageVerify                              text29       00175E
__end_of_BL_Initialize                               text28       001A4E
__end_of_BL_MemoryUnlockKeysClear                    text37       001922
__end_of_BL_MemoryUnlockKeysInit                     text36       003000
__end_of_BootloaderProcessorUnlock                   text33       000A00
__end_of_CLOCK_Initialize                            text8        0019D6
__end_of_COM_FrameSet                                text59       000D10
__end_of_COM_FrameTransfer                           text52       002DF6
__end_of_COM_Initialize                              text14       0017BA
__end_of_CRC16_Calculate                             text31       000C28
__end_of_CRC16_Validate                              text30       002FDE
__end_of_CRC32_BOOT_Validate                         text62       0028FA
__end_of_CRC32_Calculate                             text63       000B26
__end_of_ClientInfoResponseSet                       text26       0005EC
__end_of_Default_ISR                                 text66       001A6E
__end_of_DeviceID_Read                               text35       0010B6
__end_of_DeviceResetCheck                            text51       001870
__end_of_DownloadAreaErase                           text34       001252
__end_of_EEPROM_Read                                 text12       00178C
__end_of_EEPROM_Write                                text11       001662
__end_of_FLASH_PageAddressGet                        text43       0019EA
__end_of_FLASH_PageErase                             text42       001424
__end_of_FLASH_PageOffsetGet                         text41       001A42
__end_of_FLASH_Read                                  text64       001142
__end_of_FLASH_RowWrite                              text40       000DDC
__end_of_FTP_Initialize                              text13       00172C
__end_of_FTP_Task                                    text20       0002CE
__end_of_ForcedEntryCheck                            text10       00134E
__end_of_INT0_CallBack                               text68       0017E8
__end_of_INT0_DefaultInterruptHandler                text69       001A70
__end_of_INT0_ISR                                    text67       00193C
__end_of_INT0_SetInterruptHandler                    text7        001A26
__end_of_INT1_CallBack                               text71       001816
__end_of_INT1_DefaultInterruptHandler                text72       001A72
__end_of_INT1_ISR                                    text70       001954
__end_of_INT1_SetInterruptHandler                    text6        001A1C
__end_of_INT2_CallBack                               text74       001844
__end_of_INT2_DefaultInterruptHandler                text75       001A74
__end_of_INT2_ISR                                    text73       00196C
__end_of_INT2_SetInterruptHandler                    text5        001A12
__end_of_INTERRUPT_Initialize                        text4        00148A
__end_of_NVM_Initialize                              text3        001A48
__end_of_NVM_IsBusy                                  text49       001998
__end_of_NVM_StatusClear                             text48       001A5A
__end_of_NVM_StatusGet                               text47       0018B2
__end_of_NVM_UnlockKeyClear                          text46       001A54
__end_of_NVM_UnlockKeySet                            text45       001A30
__end_of_OperationalBlockExecute                     text24       00047E
__end_of_PIN_MANAGER_Initialize                      text2        0011CA
__end_of_ParserDataReset                             text22       001894
__end_of_ResponseSet                                 text25       0015AC
__end_of_SERCOM                                      smallconst   002631
__end_of_SYSTEM_Initialize                           text1        001982
__end_of_SendAndCheck                                text60       0019FA
__end_of_SequenceNumberValidate                      text21       00100E
__end_of_TLVAppend                                   text27       0014F0
__end_of_UART1_DefaultFramingErrorCallback           text58       001A6C
__end_of_UART1_DefaultOverrunErrorCallback           text57       001A6A
__end_of_UART1_DefaultParityErrorCallback            text56       001A68
__end_of_UART1_ErrorGet                              text55       000EA8
__end_of_UART1_FramingErrorCallbackRegister          text18       001906
__end_of_UART1_Initialize                            text15       00154E
__end_of_UART1_IsRxReady                             text54       0019AE
__end_of_UART1_OverrunErrorCallbackRegister          text17       0018EA
__end_of_UART1_ParityErrorCallbackRegister           text16       0018CE
__end_of_UART1_Read                                  text53       001A60
__end_of_UART1_Write                                 text61       001A66
__end_of__initialization                             cinit        0012CC
__end_of_main                                        text0        0019C2
__end_of_memcpy                                      text39       0016B2
__end_of_memset                                      text23       0016F2
__initialization                                     cinit        001252
__mediumconst                                        smallconst   002600
__pbssBANK5                                          bssBANK5     000560
__pbssBANK6                                          bssBANK6     000600
__pbssBANK7                                          bssBANK7     000700
__pbssBIGRAM                                         bssBIGRAM    000800
__pbssCOMRAM                                         bssCOMRAM    000558
__pcinit                                             cinit        001252
__pcstackBANK5                                       cstackBANK5  0005BE
__pcstackCOMRAM                                      cstackCOMRAM 000501
__pdataBANK5                                         dataBANK5    0005DC
__pidataBANK5                                        idataBANK5   0019FA
__pivt0x8                                            ivt0x8       000008
__psmallconst                                        smallconst   002600
__ptext0                                             text0        0019AE
__ptext1                                             text1        00196C
__ptext10                                            text10       0012D6
__ptext11                                            text11       00160A
__ptext12                                            text12       00175E
__ptext13                                            text13       0016F2
__ptext14                                            text14       00178C
__ptext15                                            text15       0014F0
__ptext16                                            text16       0018B2
__ptext17                                            text17       0018CE
__ptext18                                            text18       0018EA
__ptext19                                            text19       000EA8
__ptext2                                             text2        001142
__ptext20                                            text20       000106
__ptext21                                            text21       000F66
__ptext22                                            text22       001870
__ptext23                                            text23       0016B2
__ptext24                                            text24       0002CE
__ptext25                                            text25       00154E
__ptext26                                            text26       00047E
__ptext27                                            text27       00148A
__ptext28                                            text28       001A48
__ptext29                                            text29       00172C
__ptext3                                             text3        001A42
__ptext30                                            text30       002DF6
__ptext31                                            text31       000B26
__ptext32                                            text32       0005EC
__ptext33                                            text33       0008AA
__ptext34                                            text34       0011CA
__ptext35                                            text35       00100E
__ptext36                                            text36       002FDE
__ptext37                                            text37       001906
__ptext38                                            text38       0028FA
__ptext39                                            text39       001662
__ptext4                                             text4        001424
__ptext40                                            text40       000D10
__ptext41                                            text41       001A3A
__ptext42                                            text42       0013BA
__ptext43                                            text43       0019D6
__ptext44                                            text44       000752
__ptext45                                            text45       001A26
__ptext46                                            text46       001A4E
__ptext47                                            text47       001894
__ptext48                                            text48       001A54
__ptext49                                            text49       001982
__ptext5                                             text5        001A08
__ptext50                                            text50       0015AC
__ptext51                                            text51       001844
__ptext52                                            text52       002B80
__ptext53                                            text53       001A5A
__ptext54                                            text54       001998
__ptext55                                            text55       000DDC
__ptext56                                            text56       001A66
__ptext57                                            text57       001A68
__ptext58                                            text58       001A6A
__ptext59                                            text59       000C28
__ptext6                                             text6        001A12
__ptext60                                            text60       0019EA
__ptext61                                            text61       001A60
__ptext62                                            text62       002632
__ptext63                                            text63       000A00
__ptext64                                            text64       0010B6
__ptext65                                            text65       001A30
__ptext66                                            text66       001A6C
__ptext67                                            text67       001924
__ptext68                                            text68       0017BA
__ptext69                                            text69       001A6E
__ptext7                                             text7        001A1C
__ptext70                                            text70       00193C
__ptext71                                            text71       0017E8
__ptext72                                            text72       001A70
__ptext73                                            text73       001954
__ptext74                                            text74       001816
__ptext75                                            text75       001A72
__ptext8                                             text8        0019C2
__ptext9                                             text9        00134E
__ramtop                                             ramtop       002600
__smallconst                                         smallconst   002600
_bootloaderCoreUnlocked                              bssBANK5     0005A0
_bootloaderIsRunning                                 (abs)        0002F8
_byteWordWriteKey                                    bssBANK5     000590
_coreMemoryKeys                                      bssBANK5     000560
_erasePageKey                                        bssBANK5     000594
_ftpHelper                                           dataBANK5    0005DC
_ftpReceiveCount                                     bssBANK5     0005BC
_ftpResponseLength                                   bssBANK5     000596
_isComBusy                                           bssBANK5     0005A1
_main                                                text0        0019AE
_memcpy                                              text39       001662
_memset                                              text23       0016B2
_readKey                                             bssBANK5     000592
_resetPending                                        bssBANK5     0005A2
_rowWriteKey                                         bssBANK5     00058E
_sender16Bit                                         bssBANK5     00059E
_senderMAC                                           bssBANK5     000568
_uart1RxLastError                                    bssBANK5     000586
_unlockKeyHigh                                       bssCOMRAM    00055A
_unlockKeyLow                                        bssCOMRAM    00055B
_writeBuffer                                         bssBANK7     000700
end_of_initialization                                cinit        0012CC
intlevel0                                            text         000000
intlevel1                                            text         000000
intlevel2                                            text         000000
intlevel3                                            text         000000
isa$std                                              (abs)        000001
isa$xinst                                            (abs)        000000
ivt0x8_base                                          ivt0x8       000008
ivt0x8_undefint                                      ivt0x8       000100
memcpy@d                                             cstackCOMRAM 00050D
memcpy@d1                                            cstackCOMRAM 000507
memcpy@n                                             cstackCOMRAM 00050B
memcpy@s                                             cstackCOMRAM 00050F
memcpy@s1                                            cstackCOMRAM 000509
memcpy@tmp                                           cstackCOMRAM 000511
memset@c                                             cstackCOMRAM 000509
memset@dest                                          cstackCOMRAM 000507
memset@n                                             cstackCOMRAM 00050B
memset@p                                             cstackCOMRAM 00050D
stackhi                                              (abs)        000000
stacklo                                              (abs)        000000
start                                                init         000102
start_initialization                                 cinit        001252


MODULE INFORMATION

Module		Function		Class		Link	Load	Size
C:\Program Files\Microchip\xc8\v3.10\pic\sources\c99\common\memcpy.c
		_memcpy        		CODE           	1662	0000	80

C:\Program Files\Microchip\xc8\v3.10\pic\sources\c99\common\memcpy.c estimated size: 80

mcc_generated_files/bootloader/library/core/bl_app_verify.c
		_BL_ImageVerify		CODE           	172C	0000	50
		_CRC16_Validate		CODE           	2DF6	0000	488
		_CRC16_Calculate		CODE           	0B26	0000	258

mcc_generated_files/bootloader/library/core/bl_app_verify.c estimated size: 796

mcc_generated_files/system/src/interrupt.c
		_INT0_SetInterruptHandler		CODE           	1A1C	0000	10
		_INT1_SetInterruptHandler		CODE           	1A12	0000	10
		_INT2_SetInterruptHandler		CODE           	1A08	0000	10
		_INTERRUPT_Initialize		CODE           	1424	0000	102
		_INT0_DefaultInterruptHandler		CODE           	1A6E	0000	2
		_INT0_CallBack 		CODE           	17BA	0000	46
		_INT1_DefaultInterruptHandler		CODE           	1A70	0000	2
		_INT1_CallBack 		CODE           	17E8	0000	46
		_INT2_DefaultInterruptHandler		CODE           	1A72	0000	2
		_INT2_CallBack 		CODE           	1816	0000	46
		_Default_ISR   		CODE           	1A6C	0000	2
		_INT0_ISR      		CODE           	1924	0000	24
		_INT1_ISR      		CODE           	193C	0000	24
		_INT2_ISR      		CODE           	1954	0000	24

mcc_generated_files/system/src/interrupt.c estimated size: 350

mcc_generated_files/uart/src/uart1.c
		_UART1_DefaultOverrunErrorCallback		CODE           	1A68	0000	2
		_UART1_IsRxReady		CODE           	1998	0000	22
		_UART1_Write   		CODE           	1A60	0000	6
		_UART1_DefaultParityErrorCallback		CODE           	1A66	0000	2
		_UART1_FramingErrorCallbackRegister		CODE           	18EA	0000	28
		_UART1_OverrunErrorCallbackRegister		CODE           	18CE	0000	28
		_UART1_Initialize		CODE           	14F0	0000	94
		_UART1_Read    		CODE           	1A5A	0000	6
		_UART1_DefaultFramingErrorCallback		CODE           	1A6A	0000	2
		_UART1_ParityErrorCallbackRegister		CODE           	18B2	0000	28
		_UART1_ErrorGet		CODE           	0DDC	0000	204

mcc_generated_files/uart/src/uart1.c estimated size: 422

mcc_generated_files/bootloader/library/core/bl_memory.c
		_BL_MemoryUnlockKeysInit		CODE           	2FDE	0000	34
		_BL_FlashRead  		CODE           	0752	0000	344
		_BL_FlashWrite 		CODE           	28FA	0000	646
		_BL_MemoryUnlockKeysClear		CODE           	1906	0000	28

mcc_generated_files/bootloader/library/core/bl_memory.c estimated size: 1052

mcc_generated_files/bootloader/library/core/bl_core.c
		_DownloadAreaErase		CODE           	11CA	0000	136
		_BL_BootCommandProcess		CODE           	05EC	0000	358
		_BL_Initialize 		CODE           	1A48	0000	6
		_BL_ApplicationStart		CODE           	1A30	0000	10
		_BootloaderProcessorUnlock		CODE           	08AA	0000	342

mcc_generated_files/bootloader/library/core/bl_core.c estimated size: 852

mcc_generated_files/nvm/src/nvm.c
		_FLASH_PageErase		CODE           	13BA	0000	106
		_NVM_UnlockKeySet		CODE           	1A26	0000	10
		_FLASH_RowWrite		CODE           	0D10	0000	204
		_NVM_Initialize		CODE           	1A42	0000	6
		_DeviceID_Read 		CODE           	100E	0000	168
		_EEPROM_Read   		CODE           	175E	0000	46
		_EEPROM_Write  		CODE           	160A	0000	88
		_NVM_StatusGet 		CODE           	1894	0000	30
		_NVM_UnlockKeyClear		CODE           	1A4E	0000	6
		_FLASH_PageOffsetGet		CODE           	1A3A	0000	8
		_NVM_StatusClear		CODE           	1A54	0000	6
		_FLASH_PageAddressGet		CODE           	19D6	0000	20
		_NVM_IsBusy    		CODE           	1982	0000	22
		_FLASH_Read    		CODE           	10B6	0000	140

mcc_generated_files/nvm/src/nvm.c estimated size: 860

mcc_generated_files/bootloader/example/bl_example.c
		_BL_Example    		CODE           	0EA8	0000	190
		_BL_ExampleInitialize		CODE           	134E	0000	108
		_ForcedEntryCheck		CODE           	12D6	0000	120

mcc_generated_files/bootloader/example/bl_example.c estimated size: 418

mcc_generated_files/system/src/pins.c
		_PIN_MANAGER_Initialize		CODE           	1142	0000	136

mcc_generated_files/system/src/pins.c estimated size: 136

shared
		__initialization		CODE           	1252	0000	122
		_SERCOM        		SMALLCONST     	2601	0000	48

shared estimated size: 170

mcc_generated_files/bootloader/library/core/bl_boot_verify.c
		_CRC32_BOOT_Validate		CODE           	2632	0000	712
		_CRC32_Calculate		CODE           	0A00	0000	294

mcc_generated_files/bootloader/library/core/bl_boot_verify.c estimated size: 1006

C:\Program Files\Microchip\xc8\v3.10\pic\sources\c99\common\memset.c
		_memset        		CODE           	16B2	0000	64

C:\Program Files\Microchip\xc8\v3.10\pic\sources\c99\common\memset.c estimated size: 64

mcc_generated_files/bootloader/library/com_adapter/com_adapter.c
		_COM_FrameSet  		CODE           	0C28	0000	232
		_COM_FrameTransfer		CODE           	2B80	0000	630
		_SendAndCheck  		CODE           	19EA	0000	16
		_COM_Initialize		CODE           	178C	0000	46

mcc_generated_files/bootloader/library/com_adapter/com_adapter.c estimated size: 924

mcc_generated_files/bootloader/library/core/ftp/bl_ftp.c
		_OperationalBlockExecute		CODE           	02CE	0000	432
		_ClientInfoResponseSet		CODE           	047E	0000	366
		_FTP_Initialize		CODE           	16F2	0000	58
		_SequenceNumberValidate		CODE           	0F66	0000	168
		_FTP_Task      		CODE           	0106	0000	456
		_TLVAppend     		CODE           	148A	0000	102
		_DeviceResetCheck		CODE           	1844	0000	44
		_ParserDataReset		CODE           	1870	0000	36
		_ResponseSet   		CODE           	154E	0000	94
		_AbortCodeGet  		CODE           	15AC	0000	94

mcc_generated_files/bootloader/library/core/ftp/bl_ftp.c estimated size: 1850

mcc_generated_files/system/src/clock.c
		_CLOCK_Initialize		CODE           	19C2	0000	20

mcc_generated_files/system/src/clock.c estimated size: 20

main.c
		_main          		CODE           	19AE	0000	20

main.c estimated size: 20

mcc_generated_files/system/src/system.c
		_SYSTEM_Initialize		CODE           	196C	0000	22

mcc_generated_files/system/src/system.c estimated size: 22

